DevZendo.org Macro Assembler 0.0.1-SNAPSHOT                                                                      19/09/2018 19:07:53
Transputer Call and Return                                                                                                Page 1 - 2
                      TITLE Transputer Call and Return
                      
                      PAGE 60,132
                      
                      .T800
 = 0070               MemStart    EQU 0x80000070
                      
 = 006F               ORG         MemStart - 1
 8000006F 25          DB          STOP - START
 = 0070               ORG         MemStart
                      
 80000070             START:
                      
 80000070 92          call        FUNC - L1
 80000071             L1:
                      
 80000071             FIN:
 80000071 21 F5       stopp
                      
 80000073             FUNC:
 80000073 22 F0       ret
                      
 80000075 55 AA 55 AA db  0x55, 0xaa, 0x55, 0xaa, 0x55, 0xaa, 0x55, 0xaa
 80000079 55 AA 55 AA
 8000007D 55 AA 55 AA db  0x55, 0xaa, 0x55, 0xaa, 0x55, 0xaa, 0x55, 0xaa
 80000081 55 AA 55 AA
                      
 80000085 55 AA 55 AA db  0x55, 0xaa, 0x55, 0xaa, 0x55, 0xaa, 0x55, 0xaa
 80000089 55 AA 55 AA
 8000008D 55 AA 55 AA db  0x55, 0xaa, 0x55, 0xaa, 0x55, 0xaa, 0x55, 0xaa
 80000091 55 AA 55 AA
 80000095             STOP:
                      END
                      
                      
                      ;   WPtr is set to #80000079 after this boots. But the call overwrites this code!






















DevZendo.org Macro Assembler 0.0.1-SNAPSHOT                                                                      19/09/2018 19:07:53
Transputer Call and Return                                                                                                Page 2 - 2
Symbol Table - by Name
FIN                  80000071
FUNC                 80000073
L1                   80000071
MEMSTART             80000070
START                80000070
STOP                 80000095

Symbol Table - by Address
MEMSTART             80000070
START                80000070
L1                   80000071
FIN                  80000071
FUNC                 80000073
STOP                 80000095











































